$# Creating journal file C:\Users\hensomc\My 
$# Documents\MATLAB\vs_lam\vs_lam_working\test_patran.db.jou at 30-Oct-16 
$# 19:28:06
uil_file_rebuild.start("C:\MSC.Software\MSC_Nastran_Student_Edition\2014\P" // @
"atran/template.db","C:\Users\hensomc\My Documents\MATLAB\vs_lam\vs_lam_wo" // @
"rking\test_patran.db")
$# Synchronizing the User Data Manager
set_current_dir( "C:\Users\hensomc\My Documents\MATLAB\vs_lam\vs_lam_working" )
$# The current working directory has been changed to the database location 
$# shown.                                                                     
$#                                                                            
$#                                   
$# (PCL) Internal more area overwrite
$# Extra information: [ 4244 , 5508 ]
$# Appending to existing journal file C:\Users\hensomc\My 
$# Documents\Matlab\vs_lam\vs_lam_working\test_patran.db.jou at 30-Oct-16 
$# 19:29:48
$# Synchronizing the User Data Manager
set_current_dir( "C:\Users\hensomc\My Documents\Matlab\vs_lam\vs_lam_working" )
$# The current working directory has been changed to the database location 
$# shown.                                                                     
$#                                                                            
$#                                   
$# (PCL) Internal more area overwrite
$# Extra information: [ 4244 , 5508 ]
$# Appending to existing journal file C:\Users\hensomc\My 
$# Documents\Matlab\vs_lam\vs_lam_working\test_patran.db.jou at 30-Oct-16 
$# 19:37:05
$# Synchronizing the User Data Manager
set_current_dir( "C:\Users\hensomc\My Documents\Matlab\vs_lam\vs_lam_working" )
$# The current working directory has been changed to the database location 
$# shown.                                                                     
$#                                                                            
$#                                   
